{
  "status": "PASS",
  "checks": {
    "V00_CAD_preserved_hash": true,
    "fan_json_preserved_hash": true,
    "GEO_A_CAD_hash_matches_audit": true,
    "GEO_A_fan_boundary_matches_V01": true,
    "GEO_A_fan_json_matches_V01": true,
    "GEO_A_mesh_check_passed": true,
    "GEO_A_mesh_cells_match_audit": true,
    "GEO_A_mesh_resolution_20mm": true,
    "GEO_A_outlet_area_unchanged": true,
    "GEO_A_mass_criterion": true,
    "GEO_A_flow_stability_criterion": true,
    "GEO_A_fan_closure_criterion": true,
    "GEO_A_inside_fan_curve": true,
    "GEO_A_empty_stage_declaration": true,
    "GEO_B_CAD_hash_matches_audit": true,
    "GEO_B_fan_boundary_matches_V01": true,
    "GEO_B_fan_json_matches_V01": true,
    "GEO_B_mesh_check_passed": true,
    "GEO_B_mesh_cells_match_audit": true,
    "GEO_B_mesh_resolution_20mm": true,
    "GEO_B_outlet_area_unchanged": true,
    "GEO_B_mass_criterion": true,
    "GEO_B_flow_stability_criterion": true,
    "GEO_B_fan_closure_criterion": true,
    "GEO_B_inside_fan_curve": true,
    "GEO_B_empty_stage_declaration": true,
    "GEO_C_CAD_hash_matches_audit": true,
    "GEO_C_fan_boundary_matches_V01": true,
    "GEO_C_fan_json_matches_V01": true,
    "GEO_C_mesh_check_passed": true,
    "GEO_C_mesh_cells_match_audit": true,
    "GEO_C_mesh_resolution_20mm": true,
    "GEO_C_outlet_area_unchanged": true,
    "GEO_C_mass_criterion": true,
    "GEO_C_flow_stability_criterion": true,
    "GEO_C_fan_closure_criterion": true,
    "GEO_C_inside_fan_curve": true,
    "GEO_C_empty_stage_declaration": true,
    "GEO_C_CONFIRM_CAD_hash_matches_audit": true,
    "GEO_C_CONFIRM_fan_boundary_matches_V01": true,
    "GEO_C_CONFIRM_fan_json_matches_V01": true,
    "GEO_C_CONFIRM_mesh_check_passed": true,
    "GEO_C_CONFIRM_mesh_cells_match_audit": true,
    "GEO_C_CONFIRM_mesh_resolution_20mm": true,
    "GEO_C_CONFIRM_outlet_area_unchanged": true,
    "GEO_C_CONFIRM_mass_criterion": true,
    "GEO_C_CONFIRM_flow_stability_criterion": true,
    "GEO_C_CONFIRM_fan_closure_criterion": true,
    "GEO_C_CONFIRM_inside_fan_curve": true,
    "GEO_C_CONFIRM_empty_stage_declaration": true,
    "GEO_A_residual_failure_reported": true,
    "GEO_B_residual_convergence": true,
    "GEO_C_residual_convergence": true,
    "GEO_C_CONFIRM_residual_convergence": true,
    "confirmation_key_metrics_exact_match": true,
    "confirmation_iteration_exact_match": true,
    "confirmation_mesh_dictionary_exact_match": true,
    "confirmation_solver_dictionary_exact_match": true
  },
  "confirmation_differences": {
    "fan.Q_m3_h": 0.0,
    "fan.measured_static_equivalent_Pa": 0.0,
    "pressure_Pa.tower_static_difference": 0.0,
    "pressure_Pa.tower_flux_weighted_total_loss": 0.0,
    "speed_m_s.cell_max": 0.0,
    "speed_m_s.volume_mean": 0.0,
    "regions.CLEAN_RISER.reverse_volume_fraction": 0.0,
    "common_riser_window.reverse_volume_fraction_Uz_below_minus_0p05": 0.0,
    "sections.riser_entry_above_turn.normal_velocity_CoV": 0.0,
    "sections.STAGE_03_mid.normal_velocity_CoV": 0.0
  },
  "note": "PASS checks consistency and reproducibility; it is not physical validation or mesh independence."
}
